<area shape="rect" id="node3" href="$classAutoHoldAction.html" title="AutoHoldAction" alt="" coords="120,5,235,33">
<area shape="rect" id="node5" href="$classDialAction.html" title="DialAction" alt="" coords="136,55,219,83">
<area shape="rect" id="node7" href="$classDisconnectAction.html" title="DisconnectAction" alt="" coords="115,106,240,134">
<area shape="rect" id="node9" href="$classHoldAction.html" title="HoldAction" alt="" coords="135,157,220,185">
<area shape="rect" id="node11" href="$classInitializeAction.html" title="InitializeAction" alt="" coords="124,207,231,235">
<area shape="rect" id="node13" href="$classPlaySoundAction.html" title="PlaySoundAction" alt="" coords="116,258,239,286">
<area shape="rect" id="node15" href="$classQuitAction.html" title="QuitAction" alt="" coords="136,309,219,337">
<area shape="rect" id="node17" href="$classRegisterAction.html" title="RegisterAction" alt="" coords="123,359,232,387">
<area shape="rect" id="node19" href="$classRetrieveAction.html" title="RetrieveAction" alt="" coords="123,410,232,438">
<area shape="rect" id="node21" href="$classSendToneAction.html" title="SendToneAction" alt="" coords="117,461,237,489">
