<area shape="rect" id="node2" href="$classStateHandler.html" title="{StateHandler\n|# tk\l|+ StateHandler()\l+ ~StateHandler()\l+ Enter()\l+ In()\l+ Exit()\l&#45; StateHandler()\l&#45; operator=()\l}" alt="" coords="97,497,225,674">
<area shape="rect" id="node4" href="$classTeleKarma.html" title="{TeleKarma\n|&#45; currentState\l&#45; states\l&#45; phone\l|+ TeleKarma()\l+ ~TeleKarma()\l+ Main()\l+ EnterState()\l+ Initialize()\l+ GetSTUNType()\l+ Register()\l+ Dial()\l+ Disconnect()\l+ IsRegistered()\l+ IsDialing()\l+ IsConnected()\l+ DisconnectReason()\l+ IsPlayingWAV()\l+ PlayWAV()\l+ SetMicVolume()\l+ SetSpeakerVolume()\l+ StartIVR()\l+ StopIVR()\l+ StopWAV()\l+ ToggleRecording()\l+ StartRecording()\l+ ToneReceived()\l+ ClearTones()\l+ SendTone()\l+ GetChar()\l+ Backspace()\l+ Space()\l&#45; PCLASSINFO()\l&#45; operator=()\l&#45; TeleKarma()\l}" alt="" coords="224,1051,381,1645">
<area shape="rect" id="node6" href="$classTelephonyIfc.html" title="This class is the interface between telekarama and the Opal telephony library." alt="" coords="249,201,423,970">
