<area shape="rect" id="node3" href="$view_8h.html" title="view.h" alt="" coords="127,83,188,111">
<area shape="rect" id="node11" href="$cliview_8cpp.html" title="cliview.cpp" alt="" coords="193,315,279,343">
<area shape="rect" id="node16" href="$gui_8cpp.html" title="gui.cpp" alt="" coords="13,161,77,189">
<area shape="rect" id="node18" href="$view_8cpp.html" title="view.cpp" alt="" coords="197,161,272,189">
<area shape="rect" id="node21" href="$controller_8cpp.html" title="controller.cpp" alt="" coords="347,83,448,111">
<area shape="rect" id="node24" href="$model_8cpp.html" title="model.cpp" alt="" coords="472,83,555,111">
<area shape="rect" id="node26" href="$telekarma_8cpp.html" title="telekarma.cpp" alt="" coords="579,83,685,111">
<area shape="rect" id="node5" href="$cliview_8h.html" title="cliview.h" alt="" coords="101,161,173,189">
<area shape="rect" id="node7" href="$clicontext_8h.html" title="clicontext.h" alt="" coords="12,238,100,266">
<area shape="rect" id="node14" href="$main_8cpp.html" title="main.cpp" alt="" coords="124,238,199,266">
<area shape="rect" id="node9" href="$clicontext_8cpp.html" title="clicontext.cpp" alt="" coords="5,315,107,343">
